[2026-07-24 11:41:29] TEST - Logger service is working
[2026-07-24 11:45:00] ADD - Learn Logging
[2026-07-24 11:48:00] DELETE - Learn Logging
[2026-07-24 12:01:44] ADD - Old Note
[2026-07-24 12:01:54] UPDATE - Old Note -> New Note
[2026-07-24 12:04:16] ARCHIVE - New Note
[2026-07-24 12:07:04] RESTORE - New Note
[2026-07-24 12:11:14] COMPLETE - New Note
[2026-07-24 12:12:57] UNCOMPLETE - New Note
[2026-07-24 12:33:09] ADD - Undo Logger Test
[2026-07-24 12:33:19] DELETE - Undo Logger Test
[2026-07-24 12:33:23] UNDO - delete
[2026-07-24 12:36:56] ADD - Learn Express
[2026-07-24 12:36:56] DELETE - Learn Express
[2026-07-24 12:36:56] UPDATE - Old Note -> New Note
[2026-07-24 12:36:56] COMPLETE - Learn Express
[2026-07-24 12:36:56] COMPLETE - Workout
[2026-07-24 12:36:56] COMPLETE - Weekly Meeting
[2026-07-24 12:36:56] COMPLETE - Monthly Report
[2026-07-24 12:36:56] UNCOMPLETE - Learn Express
[2026-07-24 12:36:56] ARCHIVE - Learn Express
[2026-07-24 12:36:57] RESTORE - Archived Note
[2026-07-24 12:38:13] ADD - Learn Express
[2026-07-24 12:38:13] DELETE - Learn Express
[2026-07-24 12:38:13] UPDATE - Old Note -> New Note
[2026-07-24 12:38:13] COMPLETE - Learn Express
[2026-07-24 12:38:13] COMPLETE - Workout
[2026-07-24 12:38:13] COMPLETE - Weekly Meeting
[2026-07-24 12:38:13] COMPLETE - Monthly Report
[2026-07-24 12:38:13] UNCOMPLETE - Learn Express
[2026-07-24 12:38:13] ARCHIVE - Learn Express
[2026-07-24 12:38:13] RESTORE - Archived Note
